[    0.000000] Initializing cgroup subsys cpuset
[    0.000000] Initializing cgroup subsys cpu
[    0.000000] Initializing cgroup subsys cpuacct
[    0.000000] Linux version 4.4.0-47-generic (buildd@lgw01-12) (gcc version 4.8.4 (Ubuntu 4.8.4-2ubuntu1~14.04.3) ) #68~14.04.1-Ubuntu SMP Wed Oct 26 19:42:11 UTC 2016 (Ubuntu 4.4.0-47.68~14.04.1-generic 4.4.24)
[    0.000000] Command line: BOOT_IMAGE=/boot/vmlinuz-4.4.0-47-generic root=UUID=3f93abc9-fb0e-4270-93c2-33efedaaf8ae ro console=tty1 console=ttyS0
[    0.000000] KERNEL supported cpus:
[    0.000000]   Intel GenuineIntel
[    0.000000]   AMD AuthenticAMD
[    0.000000]   Centaur CentaurHauls
[    0.000000] x86/fpu: Legacy x87 FPU detected.
[    0.000000] x86/fpu: Using 'lazy' FPU context switches.
[    0.000000] e820: BIOS-provided physical RAM map:
[    0.000000] BIOS-e820: [mem 0x0000000000000000-0x000000000009fbff] usable
[    0.000000] BIOS-e820: [mem 0x000000000009fc00-0x000000000009ffff] reserved
[    0.000000] BIOS-e820: [mem 0x00000000000f0000-0x00000000000fffff] reserved
[    0.000000] BIOS-e820: [mem 0x0000000000100000-0x00000000bffdffff] usable
[    0.000000] BIOS-e820: [mem 0x00000000bffe0000-0x00000000bfffffff] reserved
[    0.000000] BIOS-e820: [mem 0x00000000fffc0000-0x00000000ffffffff] reserved
[    0.000000] BIOS-e820: [mem 0x0000000100000000-0x000000013fffffff] usable
[    0.000000] NX (Execute Disable) protection: active
[    0.000000] SMBIOS 2.8 present.
[    0.000000] DMI: QEMU Standard PC (i440FX + PIIX, 1996), BIOS rel-1.10.2-0-g5f4c7b1-prebuilt.qemu-project.org 04/01/2014
[    0.000000] e820: update [mem 0x00000000-0x00000fff] usable ==> reserved
[    0.000000] e820: remove [mem 0x000a0000-0x000fffff] usable
[    0.000000] e820: last_pfn = 0x140000 max_arch_pfn = 0x400000000
[    0.000000] MTRR default type: write-back
[    0.000000] MTRR fixed ranges enabled:
[    0.000000]   00000-9FFFF write-back
[    0.000000]   A0000-BFFFF uncachable
[    0.000000]   C0000-FFFFF write-protect
[    0.000000] MTRR variable ranges enabled:
[    0.000000]   0 base 00C0000000 mask FFC0000000 uncachable
[    0.000000]   1 disabled
[    0.000000]   2 disabled
[    0.000000]   3 disabled
[    0.000000]   4 disabled
[    0.000000]   5 disabled
[    0.000000]   6 disabled
[    0.000000]   7 disabled
[    0.000000] x86/PAT: Configuration [0-7]: WB  WC  UC- UC  WB  WC  UC- WT  
[    0.000000] e820: last_pfn = 0xbffe0 max_arch_pfn = 0x400000000
[    0.000000] found SMP MP-table at [mem 0x000f6ab0-0x000f6abf] mapped at [ffff8800000f6ab0]
[    0.000000] Scanning 1 areas for low memory corruption
[    0.000000] Base memory trampoline at [ffff880000099000] 99000 size 24576
[    0.000000] BRK [0x02206000, 0x02206fff] PGTABLE
[    0.000000] BRK [0x02207000, 0x02207fff] PGTABLE
[    0.000000] BRK [0x02208000, 0x02208fff] PGTABLE
[    0.000000] BRK [0x02209000, 0x02209fff] PGTABLE
[    0.000000] RAMDISK: [mem 0x3706e000-0x3782efff]
[    0.000000] ACPI: Early table checksum verification disabled
[    0.000000] ACPI: RSDP 0x00000000000F68A0 000014 (v00 BOCHS )
[    0.000000] ACPI: RSDT 0x00000000BFFE154E 000030 (v01 BOCHS  BXPCRSDT 00000001 BXPC 00000001)
[    0.000000] ACPI: FACP 0x00000000BFFE142A 000074 (v01 BOCHS  BXPCFACP 00000001 BXPC 00000001)
[    0.000000] ACPI: DSDT 0x00000000BFFE0040 0013EA (v01 BOCHS  BXPCDSDT 00000001 BXPC 00000001)
[    0.000000] ACPI: FACS 0x00000000BFFE0000 000040
[    0.000000] ACPI: APIC 0x00000000BFFE149E 000078 (v01 BOCHS  BXPCAPIC 00000001 BXPC 00000001)
[    0.000000] ACPI: HPET 0x00000000BFFE1516 000038 (v01 BOCHS  BXPCHPET 00000001 BXPC 00000001)
[    0.000000] ACPI: Local APIC address 0xfee00000
[    0.000000] No NUMA configuration found
[    0.000000] Faking a node at [mem 0x0000000000000000-0x000000013fffffff]
[    0.000000] NODE_DATA(0) allocated [mem 0x13fff8000-0x13fffcfff]
[    0.000000] Zone ranges:
[    0.000000]   DMA      [mem 0x0000000000001000-0x0000000000ffffff]
[    0.000000]   DMA32    [mem 0x0000000001000000-0x00000000ffffffff]
[    0.000000]   Normal   [mem 0x0000000100000000-0x000000013fffffff]
[    0.000000]   Device   empty
[    0.000000] Movable zone start for each node
[    0.000000] Early memory node ranges
[    0.000000]   node   0: [mem 0x0000000000001000-0x000000000009efff]
[    0.000000]   node   0: [mem 0x0000000000100000-0x00000000bffdffff]
[    0.000000]   node   0: [mem 0x0000000100000000-0x000000013fffffff]
[    0.000000] Initmem setup node 0 [mem 0x0000000000001000-0x000000013fffffff]
[    0.000000] On node 0 totalpages: 1048446
[    0.000000]   DMA zone: 64 pages used for memmap
[    0.000000]   DMA zone: 21 pages reserved
[    0.000000]   DMA zone: 3998 pages, LIFO batch:0
[    0.000000]   DMA32 zone: 12224 pages used for memmap
[    0.000000]   DMA32 zone: 782304 pages, LIFO batch:31
[    0.000000]   Normal zone: 4096 pages used for memmap
[    0.000000]   Normal zone: 262144 pages, LIFO batch:31
[    0.000000] ACPI: PM-Timer IO Port: 0x608
[    0.000000] ACPI: Local APIC address 0xfee00000
[    0.000000] ACPI: LAPIC_NMI (acpi_id[0xff] dfl dfl lint[0x1])
[    0.000000] IOAPIC[0]: apic_id 0, version 32, address 0xfec00000, GSI 0-23
[    0.000000] ACPI: INT_SRC_OVR (bus 0 bus_irq 0 global_irq 2 dfl dfl)
[    0.000000] ACPI: INT_SRC_OVR (bus 0 bus_irq 5 global_irq 5 high level)
[    0.000000] ACPI: INT_SRC_OVR (bus 0 bus_irq 9 global_irq 9 high level)
[    0.000000] ACPI: INT_SRC_OVR (bus 0 bus_irq 10 global_irq 10 high level)
[    0.000000] ACPI: INT_SRC_OVR (bus 0 bus_irq 11 global_irq 11 high level)
[    0.000000] ACPI: IRQ0 used by override.
[    0.000000] ACPI: IRQ5 used by override.
[    0.000000] ACPI: IRQ9 used by override.
[    0.000000] ACPI: IRQ10 used by override.
[    0.000000] ACPI: IRQ11 used by override.
[    0.000000] Using ACPI (MADT) for SMP configuration information
[    0.000000] ACPI: HPET id: 0x8086a201 base: 0xfed00000
[    0.000000] smpboot: Allowing 1 CPUs, 0 hotplug CPUs
[    0.000000] PM: Registered nosave memory: [mem 0x00000000-0x00000fff]
[    0.000000] PM: Registered nosave memory: [mem 0x0009f000-0x0009ffff]
[    0.000000] PM: Registered nosave memory: [mem 0x000a0000-0x000effff]
[    0.000000] PM: Registered nosave memory: [mem 0x000f0000-0x000fffff]
[    0.000000] PM: Registered nosave memory: [mem 0xbffe0000-0xbfffffff]
[    0.000000] PM: Registered nosave memory: [mem 0xc0000000-0xfffbffff]
[    0.000000] PM: Registered nosave memory: [mem 0xfffc0000-0xffffffff]
[    0.000000] e820: [mem 0xc0000000-0xfffbffff] available for PCI devices
[    0.000000] Booting paravirtualized kernel on bare hardware
[    0.000000] clocksource: refined-jiffies: mask: 0xffffffff max_cycles: 0xffffffff, max_idle_ns: 7645519600211568 ns
[    0.000000] setup_percpu: NR_CPUS:256 nr_cpumask_bits:256 nr_cpu_ids:1 nr_node_ids:1
[    0.000000] PERCPU: Embedded 33 pages/cpu @ffff88013fc00000 s98008 r8192 d28968 u2097152
[    0.000000] pcpu-alloc: s98008 r8192 d28968 u2097152 alloc=1*2097152
[    0.000000] pcpu-alloc: [0] 0 
[    0.000000] Built 1 zonelists in Node order, mobility grouping on.  Total pages: 1032041
[    0.000000] Policy zone: Normal
[    0.000000] Kernel command line: BOOT_IMAGE=/boot/vmlinuz-4.4.0-47-generic root=UUID=3f93abc9-fb0e-4270-93c2-33efedaaf8ae ro console=tty1 console=ttyS0
[    0.000000] PID hash table entries: 4096 (order: 3, 32768 bytes)
[    0.000000] Calgary: detecting Calgary via BIOS EBDA area
[    0.000000] Calgary: Unable to locate Rio Grande table in EBDA - bailing!
[    0.000000] Memory: 4035280K/4193784K available (8205K kernel code, 1294K rwdata, 3968K rodata, 1488K init, 1292K bss, 158504K reserved, 0K cma-reserved)
[    0.000000] SLUB: HWalign=64, Order=0-3, MinObjects=0, CPUs=1, Nodes=1
[    0.000000] Hierarchical RCU implementation.
[    0.000000] 	Build-time adjustment of leaf fanout to 64.
[    0.000000] 	RCU restricting CPUs from NR_CPUS=256 to nr_cpu_ids=1.
[    0.000000] RCU: Adjusting geometry for rcu_fanout_leaf=64, nr_cpu_ids=1
[    0.000000] NR_IRQS:16640 nr_irqs:256 16
[    0.000000] Console: colour VGA+ 80x25
[    0.000000] console [tty1] enabled
[    0.000000] console [ttyS0] enabled
[    0.000000] clocksource: hpet: mask: 0xffffffff max_cycles: 0xffffffff, max_idle_ns: 19112604467 ns
[    0.000000] hpet clockevent registered
[    0.000000] tsc: Fast TSC calibration failed
[    0.000000] tsc: Unable to calibrate against PIT
[    0.000000] tsc: using HPET reference calibration
[    0.000000] tsc: Detected 2711.943 MHz processor
[    0.025376] Calibrating delay loop (skipped), value calculated using timer frequency.. 5423.88 BogoMIPS (lpj=10847772)
[    0.026439] pid_max: default: 32768 minimum: 301
[    0.027193] ACPI: Core revision 20150930
[    0.060848] ACPI: 1 ACPI AML tables successfully acquired and loaded
[    0.062293] Security Framework initialized
[    0.062613] Yama: becoming mindful.
[    0.064883] AppArmor: AppArmor initialized
[    0.073191] Dentry cache hash table entries: 524288 (order: 10, 4194304 bytes)
[    0.081067] Inode-cache hash table entries: 262144 (order: 9, 2097152 bytes)
[    0.083666] Mount-cache hash table entries: 8192 (order: 4, 65536 bytes)
[    0.084138] Mountpoint-cache hash table entries: 8192 (order: 4, 65536 bytes)
[    0.093444] Initializing cgroup subsys io
[    0.094102] Initializing cgroup subsys memory
[    0.094751] Initializing cgroup subsys devices
[    0.095113] Initializing cgroup subsys freezer
[    0.095445] Initializing cgroup subsys net_cls
[    0.095757] Initializing cgroup subsys perf_event
[    0.096086] Initializing cgroup subsys net_prio
[    0.096441] Initializing cgroup subsys hugetlb
[    0.096760] Initializing cgroup subsys pids
[    0.098459] mce: CPU supports 10 MCE banks
[    0.099655] Last level iTLB entries: 4KB 0, 2MB 0, 4MB 0
[    0.100045] Last level dTLB entries: 4KB 0, 2MB 0, 4MB 0, 1GB 0
[    0.373636] Freeing SMP alternatives memory: 32K (ffffffff820b9000 - ffffffff820c1000)
[    0.390155] ftrace: allocating 32084 entries in 126 pages
[    0.520803] smpboot: Max logical packages: 1
[    0.521451] smpboot: APIC(0) Converting physical 0 to logical package 0
[    0.526406] ..TIMER: vector=0x30 apic1=0 pin1=2 apic2=-1 pin2=-1
[    0.568000] smpboot: CPU0: AMD QEMU Virtual CPU version 2.5+ (family: 0x6, model: 0x6, stepping: 0x3)
[    0.568000] Performance Events: Broken PMU hardware detected, using software events only.
[    0.568000] Failed to access perfctr msr (MSR c0010007 is 0)
[    0.576254] x86: Booted up 1 node, 1 CPUs
[    0.576634] smpboot: Total of 1 processors activated (5423.88 BogoMIPS)
[    0.583549] NMI watchdog: disabled (cpu0): hardware events not enabled
[    0.584480] NMI watchdog: Shutting down hard lockup detector on all cpus
[    0.593463] devtmpfs: initialized
[    0.614823] evm: security.selinux
[    0.615090] evm: security.SMACK64
[    0.615295] evm: security.SMACK64EXEC
[    0.615491] evm: security.SMACK64TRANSMUTE
[    0.615699] evm: security.SMACK64MMAP
[    0.615890] evm: security.ima
[    0.616032] evm: security.capability
[    0.618528] clocksource: jiffies: mask: 0xffffffff max_cycles: 0xffffffff, max_idle_ns: 7645041785100000 ns
[    0.621109] pinctrl core: initialized pinctrl subsystem
[    0.626629] RTC time: 14:23:23, date: 04/14/19
[    0.631596] NET: Registered protocol family 16
[    0.635904] cpuidle: using governor ladder
[    0.636140] cpuidle: using governor menu
[    0.636409] PCCT header not found.
[    0.637477] ACPI: bus type PCI registered
[    0.637776] acpiphp: ACPI Hot Plug PCI Controller Driver version: 0.5
[    0.642324] PCI: Using configuration type 1 for base access
[    0.670029] ACPI: Added _OSI(Module Device)
[    0.670334] ACPI: Added _OSI(Processor Device)
[    0.670582] ACPI: Added _OSI(3.0 _SCP Extensions)
[    0.670820] ACPI: Added _OSI(Processor Aggregator Device)
[    0.694498] ACPI: Interpreter enabled
[    0.695466] ACPI: (supports S0 S3 S4 S5)
[    0.695738] ACPI: Using IOAPIC for interrupt routing
[    0.696447] PCI: Using host bridge windows from ACPI; if necessary, use "pci=nocrs" and report a bug
[    0.743794] ACPI: PCI Root Bridge [PCI0] (domain 0000 [bus 00-ff])
[    0.744389] acpi PNP0A03:00: _OSC: OS supports [ASPM ClockPM Segments MSI]
[    0.744930] acpi PNP0A03:00: _OSC failed (AE_NOT_FOUND); disabling ASPM
[    0.745618] acpi PNP0A03:00: fail to add MMCONFIG information, can't access extended PCI configuration space under this bridge.
[    0.752671] acpiphp: Slot [3] registered
[    0.753128] acpiphp: Slot [4] registered
[    0.753535] acpiphp: Slot [5] registered
[    0.753899] acpiphp: Slot [6] registered
[    0.754253] acpiphp: Slot [7] registered
[    0.754602] acpiphp: Slot [8] registered
[    0.754949] acpiphp: Slot [9] registered
[    0.755295] acpiphp: Slot [10] registered
[    0.755661] acpiphp: Slot [11] registered
[    0.756076] acpiphp: Slot [12] registered
[    0.756466] acpiphp: Slot [13] registered
[    0.756832] acpiphp: Slot [14] registered
[    0.757188] acpiphp: Slot [15] registered
[    0.757556] acpiphp: Slot [16] registered
[    0.758379] acpiphp: Slot [17] registered
[    0.760384] acpiphp: Slot [18] registered
[    0.760958] acpiphp: Slot [19] registered
[    0.761573] acpiphp: Slot [20] registered
[    0.762029] acpiphp: Slot [21] registered
[    0.762409] acpiphp: Slot [22] registered
[    0.762766] acpiphp: Slot [23] registered
[    0.763148] acpiphp: Slot [24] registered
[    0.763505] acpiphp: Slot [25] registered
[    0.764181] acpiphp: Slot [26] registered
[    0.764544] acpiphp: Slot [27] registered
[    0.764924] acpiphp: Slot [28] registered
[    0.765281] acpiphp: Slot [29] registered
[    0.765651] acpiphp: Slot [30] registered
[    0.766034] acpiphp: Slot [31] registered
[    0.766472] PCI host bridge to bus 0000:00
[    0.766860] pci_bus 0000:00: root bus resource [io  0x0000-0x0cf7 window]
[    0.767192] pci_bus 0000:00: root bus resource [io  0x0d00-0xffff window]
[    0.767505] pci_bus 0000:00: root bus resource [mem 0x000a0000-0x000bffff window]
[    0.767879] pci_bus 0000:00: root bus resource [mem 0xc0000000-0xfebfffff window]
[    0.768136] pci_bus 0000:00: root bus resource [bus 00-ff]
[    0.768868] pci 0000:00:00.0: [8086:1237] type 00 class 0x060000
[    0.772474] pci 0000:00:01.0: [8086:7000] type 00 class 0x060100
[    0.773679] pci 0000:00:01.1: [8086:7010] type 00 class 0x010180
[    0.775386] pci 0000:00:01.1: reg 0x20: [io  0xc040-0xc04f]
[    0.776422] pci 0000:00:01.1: legacy IDE quirk: reg 0x10: [io  0x01f0-0x01f7]
[    0.777006] pci 0000:00:01.1: legacy IDE quirk: reg 0x14: [io  0x03f6]
[    0.777639] pci 0000:00:01.1: legacy IDE quirk: reg 0x18: [io  0x0170-0x0177]
[    0.778117] pci 0000:00:01.1: legacy IDE quirk: reg 0x1c: [io  0x0376]
[    0.779617] pci 0000:00:01.3: [8086:7113] type 00 class 0x068000
[    0.780322] pci 0000:00:01.3: quirk: [io  0x0600-0x063f] claimed by PIIX4 ACPI
[    0.780774] pci 0000:00:01.3: quirk: [io  0x0700-0x070f] claimed by PIIX4 SMB
[    0.782222] pci 0000:00:02.0: [1234:1111] type 00 class 0x030000
[    0.782987] pci 0000:00:02.0: reg 0x10: [mem 0xfd000000-0xfdffffff pref]
[    0.784319] pci 0000:00:02.0: reg 0x18: [mem 0xfebf0000-0xfebf0fff]
[    0.786248] pci 0000:00:02.0: reg 0x30: [mem 0xfebe0000-0xfebeffff pref]
[    0.787498] pci 0000:00:03.0: [8086:100e] type 00 class 0x020000
[    0.789606] pci 0000:00:03.0: reg 0x10: [mem 0xfebc0000-0xfebdffff]
[    0.790291] pci 0000:00:03.0: reg 0x14: [io  0xc000-0xc03f]
[    0.794336] pci 0000:00:03.0: reg 0x30: [mem 0xfeb80000-0xfebbffff pref]
[    0.802893] ACPI: PCI Interrupt Link [LNKA] (IRQs 5 *10 11)
[    0.804295] ACPI: PCI Interrupt Link [LNKB] (IRQs 5 *10 11)
[    0.805388] ACPI: PCI Interrupt Link [LNKC] (IRQs 5 10 *11)
[    0.806453] ACPI: PCI Interrupt Link [LNKD] (IRQs 5 10 *11)
[    0.807144] ACPI: PCI Interrupt Link [LNKS] (IRQs *9)
[    0.809790] ACPI: Enabled 2 GPEs in block 00 to 0F
[    0.814326] vgaarb: setting as boot device: PCI:0000:00:02.0
[    0.814742] vgaarb: device added: PCI:0000:00:02.0,decodes=io+mem,owns=io+mem,locks=none
[    0.815184] vgaarb: loaded
[    0.815411] vgaarb: bridge control possible 0000:00:02.0
[    0.822033] SCSI subsystem initialized
[    0.823043] libata version 3.00 loaded.
[    0.823529] ACPI: bus type USB registered
[    0.824241] usbcore: registered new interface driver usbfs
[    0.824802] usbcore: registered new interface driver hub
[    0.825337] usbcore: registered new device driver usb
[    0.828459] PCI: Using ACPI for IRQ routing
[    0.828848] PCI: pci_cache_line_size set to 64 bytes
[    0.829234] e820: reserve RAM buffer [mem 0x0009fc00-0x0009ffff]
[    0.829355] e820: reserve RAM buffer [mem 0xbffe0000-0xbfffffff]
[    0.834618] NetLabel: Initializing
[    0.834871] NetLabel:  domain hash size = 128
[    0.835116] NetLabel:  protocols = UNLABELED CIPSOv4
[    0.836467] NetLabel:  unlabeled traffic allowed by default
[    0.838231] HPET: 3 timers in total, 0 timers will be used for per-cpu timer
[    0.838823] hpet0: at MMIO 0xfed00000, IRQs 2, 8, 0
[    0.839212] hpet0: 3 comparators, 64-bit 100.000000 MHz counter
[    0.844062] amd_nb: Cannot enumerate AMD northbridges
[    0.844786] clocksource: Switched to clocksource hpet
[    0.953998] AppArmor: AppArmor Filesystem Enabled
[    0.955703] pnp: PnP ACPI init
[    0.957828] pnp 00:00: Plug and Play ACPI device, IDs PNP0b00 (active)
[    0.958425] pnp 00:01: Plug and Play ACPI device, IDs PNP0303 (active)
[    0.958853] pnp 00:02: Plug and Play ACPI device, IDs PNP0f13 (active)
[    0.959102] pnp 00:03: [dma 2]
[    0.959345] pnp 00:03: Plug and Play ACPI device, IDs PNP0700 (active)
[    0.959921] pnp 00:04: Plug and Play ACPI device, IDs PNP0400 (active)
[    0.960572] pnp 00:05: Plug and Play ACPI device, IDs PNP0501 (active)
[    0.962567] pnp: PnP ACPI: found 6 devices
[    0.993278] clocksource: acpi_pm: mask: 0xffffff max_cycles: 0xffffff, max_idle_ns: 2085701024 ns
[    0.994914] pci_bus 0000:00: resource 4 [io  0x0000-0x0cf7 window]
[    0.994949] pci_bus 0000:00: resource 5 [io  0x0d00-0xffff window]
[    0.994970] pci_bus 0000:00: resource 6 [mem 0x000a0000-0x000bffff window]
[    0.994988] pci_bus 0000:00: resource 7 [mem 0xc0000000-0xfebfffff window]
[    0.995505] NET: Registered protocol family 2
[    1.003017] TCP established hash table entries: 32768 (order: 6, 262144 bytes)
[    1.004974] TCP bind hash table entries: 32768 (order: 7, 524288 bytes)
[    1.005713] TCP: Hash tables configured (established 32768 bind 32768)
[    1.006554] UDP hash table entries: 2048 (order: 4, 65536 bytes)
[    1.007035] UDP-Lite hash table entries: 2048 (order: 4, 65536 bytes)
[    1.008731] NET: Registered protocol family 1
[    1.009294] pci 0000:00:00.0: Limiting direct PCI/PCI transfers
[    1.009646] pci 0000:00:01.0: PIIX3: Enabling Passive Release
[    1.010034] pci 0000:00:01.0: Activating ISA DMA hang workarounds
[    1.010408] pci 0000:00:02.0: Video device with shadowed ROM
[    1.010489] PCI: CLS 0 bytes, default 64
[    1.014806] Trying to unpack rootfs image as initramfs...
[    1.546957] Freeing initrd memory: 7940K (ffff88003706e000 - ffff88003782f000)
[    1.547630] PCI-DMA: Using software bounce buffering for IO (SWIOTLB)
[    1.547967] software IO TLB [mem 0xbbfe0000-0xbffe0000] (64MB) mapped at [ffff8800bbfe0000-ffff8800bffdffff]
[    1.550009] Scanning for low memory corruption every 60 seconds
[    1.554147] futex hash table entries: 256 (order: 2, 16384 bytes)
[    1.555014] audit: initializing netlink subsys (disabled)
[    1.555931] audit: type=2000 audit(1555251803.552:1): initialized
[    1.558855] Initialise system trusted keyring
[    1.561610] HugeTLB registered 2 MB page size, pre-allocated 0 pages
[    1.584695] zbud: loaded
[    1.588222] VFS: Disk quotas dquot_6.6.0
[    1.588991] VFS: Dquot-cache hash table entries: 512 (order 0, 4096 bytes)
[    1.593864] squashfs: version 4.0 (2009/01/31) Phillip Lougher
[    1.599317] fuse init (API version 7.23)
[    1.603740] Key type big_key registered
[    1.604448] Allocating IMA MOK and blacklist keyrings.
[    1.610864] Key type asymmetric registered
[    1.611189] Asymmetric key parser 'x509' registered
[    1.612004] Block layer SCSI generic (bsg) driver version 0.4 loaded (major 249)
[    1.613189] io scheduler noop registered
[    1.613485] io scheduler deadline registered (default)
[    1.614293] io scheduler cfq registered
[    1.616968] pci_hotplug: PCI Hot Plug PCI Core version: 0.5
[    1.617542] pciehp: PCI Express Hot Plug Controller Driver version: 0.4
[    1.620009] input: Power Button as /devices/LNXSYSTM:00/LNXPWRBN:00/input/input0
[    1.621482] ACPI: Power Button [PWRF]
[    1.624335] GHES: HEST is not enabled!
[    1.625912] Serial: 8250/16550 driver, 32 ports, IRQ sharing enabled
[    1.651167] 00:05: ttyS0 at I/O 0x3f8 (irq = 4, base_baud = 115200) is a 16550A
[    1.671921] Linux agpgart interface v0.103
[    1.715056] brd: module loaded
[    1.732905] loop: module loaded
[    1.735190] ata_piix 0000:00:01.1: version 2.13
[    1.743479] scsi host0: ata_piix
[    1.745232] scsi host1: ata_piix
[    1.746058] ata1: PATA max MWDMA2 cmd 0x1f0 ctl 0x3f6 bmdma 0xc040 irq 14
[    1.746416] ata2: PATA max MWDMA2 cmd 0x170 ctl 0x376 bmdma 0xc048 irq 15
[    1.752422] libphy: Fixed MDIO Bus: probed
[    1.752913] tun: Universal TUN/TAP device driver, 1.6
[    1.753342] tun: (C) 1999-2004 Max Krasnyansky <maxk@qualcomm.com>
[    1.755191] PPP generic driver version 2.4.2
[    1.756537] ehci_hcd: USB 2.0 'Enhanced' Host Controller (EHCI) Driver
[    1.756985] ehci-pci: EHCI PCI platform driver
[    1.757432] ehci-platform: EHCI generic platform driver
[    1.757874] ohci_hcd: USB 1.1 'Open' Host Controller (OHCI) Driver
[    1.758266] ohci-pci: OHCI PCI platform driver
[    1.758708] ohci-platform: OHCI generic platform driver
[    1.759098] uhci_hcd: USB Universal Host Controller Interface driver
[    1.760874] i8042: PNP: PS/2 Controller [PNP0303:KBD,PNP0f13:MOU] at 0x60,0x64 irq 1,12
[    1.763413] serio: i8042 KBD port at 0x60,0x64 irq 1
[    1.763858] serio: i8042 AUX port at 0x60,0x64 irq 12
[    1.766305] mousedev: PS/2 mouse device common for all mice
[    1.769418] input: AT Translated Set 2 keyboard as /devices/platform/i8042/serio0/input/input1
[    1.771570] rtc_cmos 00:00: RTC can wake from S4
[    1.773857] rtc_cmos 00:00: rtc core: registered rtc_cmos as rtc0
[    1.774705] rtc_cmos 00:00: alarms up to one day, y3k, 114 bytes nvram, hpet irqs
[    1.775264] i2c /dev entries driver
[    1.776373] device-mapper: uevent: version 1.0.3
[    1.777690] device-mapper: ioctl: 4.34.0-ioctl (2015-10-28) initialised: dm-devel@redhat.com
[    1.780374] ledtrig-cpu: registered to indicate activity on CPUs
[    1.784886] NET: Registered protocol family 10
[    1.791032] NET: Registered protocol family 17
[    1.791767] Key type dns_resolver registered
[    1.794089] microcode: AMD CPU family 0x6 not supported
[    1.797118] registered taskstats version 1
[    1.797758] Loading compiled-in X.509 certificates
[    1.806558] Loaded X.509 cert 'Build time autogenerated kernel key: a1f61691bd0a3817b529766167cef00cb5321db5'
[    1.809562] zswap: loaded using pool lzo/zbud
[    1.906998] ata1.01: NODEV after polling detection
[    1.908409] ata1.00: ATA-7: QEMU HARDDISK, 2.5+, max UDMA/100
[    1.908775] ata1.00: 4612096 sectors, multi 16: LBA48 
[    1.910094] ata2.01: NODEV after polling detection
[    1.910416] ata2.00: ATAPI: QEMU DVD-ROM, 2.5+, max UDMA/100
[    1.911346] ata2.00: configured for MWDMA2
[    1.917891] ata1.00: configured for MWDMA2
[    1.931830] scsi 0:0:0:0: Direct-Access     ATA      QEMU HARDDISK    2.5+ PQ: 0 ANSI: 5
[    1.937388] sd 0:0:0:0: Attached scsi generic sg0 type 0
[    1.942106] sd 0:0:0:0: [sda] 4612096 512-byte logical blocks: (2.36 GB/2.20 GiB)
[    1.944233] sd 0:0:0:0: [sda] Write Protect is off
[    1.944551] sd 0:0:0:0: [sda] Mode Sense: 00 3a 00 00
[    1.945872] sd 0:0:0:0: [sda] Write cache: enabled, read cache: enabled, doesn't support DPO or FUA
[    1.949140] scsi 1:0:0:0: CD-ROM            QEMU     QEMU DVD-ROM     2.5+ PQ: 0 ANSI: 5
[    1.962934] sr 1:0:0:0: [sr0] scsi3-mmc drive: 4x/4x cd/rw xa/form2 tray
[    1.963468] cdrom: Uniform CD-ROM driver Revision: 3.20
[    1.966486] sr 1:0:0:0: Attached scsi CD-ROM sr0
[    1.972383] sr 1:0:0:0: Attached scsi generic sg1 type 5
[    1.973466]  sda: sda1
[    1.977026] sd 0:0:0:0: [sda] Attached SCSI disk
[    1.998536] Key type trusted registered
[    2.135192] Key type encrypted registered
[    2.135598] AppArmor: AppArmor sha1 policy hashing enabled
[    2.136263] ima: No TPM chip found, activating TPM-bypass!
[    2.139266] evm: HMAC attrs: 0x1
[    2.142087]   Magic number: 15:346:384
[    2.142541] container PNP0A06:02: hash matches
[    2.142819] acpi PNP0A06:02: hash matches
[    2.143546] rtc_cmos 00:00: setting system clock to 2019-04-14 14:23:24 UTC (1555251804)
[    2.146588] BIOS EDD facility v0.16 2004-Jun-25, 0 devices found
[    2.146940] EDD information not available.
[    2.147964] PM: Hibernation image not present or could not be loaded.
[    2.189009] Freeing unused kernel memory: 1488K (ffffffff81f45000 - ffffffff820b9000)
[    2.189535] Write protecting the kernel read-only data: 14336k
[    2.193894] Freeing unused kernel memory: 2024K (ffff880001806000 - ffff880001a00000)
[    2.197575] Freeing unused kernel memory: 128K (ffff880001de0000 - ffff880001e00000)
[    2.548632] tsc: Refined TSC clocksource calibration: 2711.922 MHz
[    2.549048] clocksource: tsc: mask: 0xffffffffffffffff max_cycles: 0x27173cb0011, max_idle_ns: 440795255498 ns
[    2.645121] systemd-udevd[125]: starting version 204
[    3.254224] Floppy drive(s): fd0 is 2.88M AMI BIOS
[    3.289784] FDC 0 is a S82078B
[    3.372737] e1000: Intel(R) PRO/1000 Network Driver - version 7.3.21-k8-NAPI
[    3.373160] e1000: Copyright (c) 1999-2006 Intel Corporation.
[    3.552571] clocksource: Switched to clocksource tsc
[    4.466164] input: ImExPS/2 Generic Explorer Mouse as /devices/platform/i8042/serio1/input/input3
[    4.734954] ACPI: PCI Interrupt Link [LNKC] enabled at IRQ 11
[    5.058629] e1000 0000:00:03.0 eth0: (PCI:33MHz:32-bit) 52:54:00:12:34:56
[    5.059274] e1000 0000:00:03.0 eth0: Intel(R) PRO/1000 Network Connection
[    7.992424] EXT4-fs (sda1): INFO: recovery required on readonly filesystem
[    7.993043] EXT4-fs (sda1): write access will be enabled during recovery
[    9.345676] EXT4-fs (sda1): recovery complete
[    9.646841] EXT4-fs (sda1): mounted filesystem with ordered data mode. Opts: (null)
[   10.138660] random: nonblocking pool is initialized
[   17.630125] EXT4-fs (sda1): re-mounted. Opts: (null)
[   34.842694] systemd-udevd[391]: starting version 204
[   38.276665] parport_pc 00:04: reported by Plug and Play ACPI
[   38.296637] parport0: PC-style at 0x378, irq 7 [PCSPP,TRISTATE]
[   41.182646] audit: type=1400 audit(1555251843.535:2): apparmor="STATUS" operation="profile_load" profile="unconfined" name="/sbin/dhclient" pid=447 comm="apparmor_parser"
[   41.183121] audit: type=1400 audit(1555251843.535:3): apparmor="STATUS" operation="profile_load" profile="unconfined" name="/usr/lib/NetworkManager/nm-dhcp-client.action" pid=447 comm="apparmor_parser"
[   41.183334] audit: type=1400 audit(1555251843.535:4): apparmor="STATUS" operation="profile_load" profile="unconfined" name="/usr/lib/connman/scripts/dhclient-script" pid=447 comm="apparmor_parser"
[   43.772856] kvm: Nested Virtualization enabled
[   44.341495] e1000: eth0 NIC Link is Up 1000 Mbps Full Duplex, Flow Control: RX
[   49.451270] ppdev: user-space parallel port driver
[   67.938593] init: failsafe main process (739) killed by TERM signal
[   78.033451] audit: type=1400 audit(1555251880.387:5): apparmor="STATUS" operation="profile_replace" profile="unconfined" name="/sbin/dhclient" pid=920 comm="apparmor_parser"
[   78.034565] audit: type=1400 audit(1555251880.387:6): apparmor="STATUS" operation="profile_replace" profile="unconfined" name="/usr/lib/NetworkManager/nm-dhcp-client.action" pid=920 comm="apparmor_parser"
[   78.034694] audit: type=1400 audit(1555251880.387:7): apparmor="STATUS" operation="profile_replace" profile="unconfined" name="/usr/lib/connman/scripts/dhclient-script" pid=920 comm="apparmor_parser"
[   78.108114] audit: type=1400 audit(1555251880.459:8): apparmor="STATUS" operation="profile_load" profile="unconfined" name="/usr/sbin/tcpdump" pid=922 comm="apparmor_parser"
[   93.211038] init: plymouth-upstart-bridge main process ended, respawning
[ 5027.058895] poc[1274]: segfault at ffffffffff600850 ip 00007f7471907924 sp 00007ffc08a8c6f8 error 7 in libc-2.19.so[7f747187b000+1be000]
[ 5286.912308] poc[1322]: segfault at ffffffffff600850 ip 00007f0f8194e924 sp 00007ffd228674e8 error 7 in libc-2.19.so[7f0f818c2000+1be000]
[ 5698.474296] poc[1372]: segfault at ffffffffff600850 ip 00007f60edb94924 sp 00007fffc3eb8df8 error 7 in libc-2.19.so[7f60edb08000+1be000]
[ 6158.469372] poc[1481]: segfault at ffffffffff600850 ip 00007f1025ff2924 sp 00007ffe9dd6c698 error 7 in libc-2.19.so[7f1025f66000+1be000]
[ 6328.578505] poc[1529]: segfault at ffffffffff600850 ip 00007f154b6b4924 sp 00007fff78eca308 error 7 in libc-2.19.so[7f154b628000+1be000]
[ 6418.021604] poc[1576]: segfault at ffffffffff600850 ip 00007f8b78c19924 sp 00007fff986944e8 error 7 in libc-2.19.so[7f8b78b8d000+1be000]
[ 6567.524547] poc[1655]: segfault at ffffffffff600850 ip 00007f02194d2924 sp 00007ffd3646a9c8 error 7 in libc-2.19.so[7f0219446000+1be000]
[16382.281121] kernelinfo: module verification failed: signature and/or required key missing - tainting kernel
[16382.300968] --KERNELINFO-BEGIN--
[16382.301014] name = 4.4.0-47-generic|#68~14.04.1-Ubuntu SMP Wed Oct 26 19:42:11 UTC 2016|x86_64
[16382.301113] task.init_addr = 18446744071593604352
[16382.301186] #task.init_addr = 0xFFFFFFFF81E13500
[16382.301255] task.size = 6784
[16382.301444] task.task_offset = 0task.tasks_offset = 816
[16382.301581] task.pid_offset = 1064task.tgid_offset = 1068
[16382.301635] task.group_leader_offset = 1128task.thread_group_offset = 1240
[16382.301686] task.real_parent_offset = 1080task.parent_offset = 1088
[16382.301737] task.mm_offset = 896task.stack_offset = 8
[16382.301787] task.real_cred_offset = 1480task.cred_offset = 1488
[16382.301837] task.comm_offset = 1496task.comm_size = 16
[16382.301875] task.files_offset = 1560cred.uid_offset = 4
[16382.301924] cred.gid_offset = 8cred.euid_offset = 20
[16382.301975] cred.egid_offset = 24mm.size = 928
[16382.302028] mm.mmap_offset = 0mm.pgd_offset = 64
[16382.302079] mm.arg_start_offset = 288mm.start_brk_offset = 264
[16382.302129] mm.brk_offset = 272mm.start_stack_offset = 280
[16382.302167] vma.size = 200vma.vm_mm_offset = 64
[16382.302217] vma.vm_start_offset = 0vma.vm_end_offset = 8
[16382.302268] vma.vm_next_offset = 16vma.vm_flags_offset = 80
[16382.302318] vma.vm_file_offset = 160fs.f_path_dentry_offset = 24
[16382.302369] fs.f_path_mnt_offset = 16fs.f_pos_offset = 112
[16382.302419] fs.fdt_offset = 32fs.fdtab_offset = 40
[16382.302470] fs.fd_offset = 8qstr.size = 16
[16382.302591] qstr.name_offset = 8path.d_name_offset = 32
[16382.302667] path.d_iname_offset = 56path.d_parent_offset = 24
[16382.302782] path.d_op_offset = 96path.d_dname_offset = 64
[16382.302860] path.mnt_root_offset = 0path.mnt_parent_offset = -16
[16382.302933] path.mnt_mountpoint_offset = -8<6>[16382.302947] ---KERNELINFO-END---
[16447.104423] --KERNELINFO-BEGIN--
[16447.104467] name = 4.4.0-47-generic|#68~14.04.1-Ubuntu SMP Wed Oct 26 19:42:11 UTC 2016|x86_64
[16447.104486] task.init_addr = 18446744071593604352
[16447.104502] #task.init_addr = 0xFFFFFFFF81E13500
[16447.104517] task.size = 6784
[16447.104558] task.task_offset = 0task.tasks_offset = 816
[16447.104620] task.pid_offset = 1064task.tgid_offset = 1068
[16447.104710] task.group_leader_offset = 1128task.thread_group_offset = 1240
[16447.104766] task.real_parent_offset = 1080task.parent_offset = 1088
[16447.104818] task.mm_offset = 896task.stack_offset = 8
[16447.104868] task.real_cred_offset = 1480task.cred_offset = 1488
[16447.104918] task.comm_offset = 1496task.comm_size = 16
[16447.104963] task.files_offset = 1560cred.uid_offset = 4
[16447.105022] cred.gid_offset = 8cred.euid_offset = 20
[16447.105100] cred.egid_offset = 24mm.size = 928
[16447.105138] mm.mmap_offset = 0mm.pgd_offset = 64
[16447.105194] mm.arg_start_offset = 288mm.start_brk_offset = 264
[16447.105265] mm.brk_offset = 272mm.start_stack_offset = 280
[16447.105310] vma.size = 200vma.vm_mm_offset = 64
[16447.105370] vma.vm_start_offset = 0vma.vm_end_offset = 8
[16447.105428] vma.vm_next_offset = 16vma.vm_flags_offset = 80
[16447.105487] vma.vm_file_offset = 160fs.f_path_dentry_offset = 24
[16447.105542] fs.f_path_mnt_offset = 16fs.f_pos_offset = 112
[16447.105602] fs.fdt_offset = 32fs.fdtab_offset = 40
[16447.105687] fs.fd_offset = 8qstr.size = 16
[16447.105735] qstr.name_offset = 8path.d_name_offset = 32
[16447.105807] path.d_iname_offset = 56path.d_parent_offset = 24
[16447.105859] path.d_op_offset = 96path.d_dname_offset = 64
[16447.105910] path.mnt_root_offset = 0path.mnt_parent_offset = -16
[16447.105962] path.mnt_mountpoint_offset = -8<6>[16447.105976] ---KERNELINFO-END---
